V3 15
FL C:/Users/Santiago/vga_interface/draw_module.vhd 2022/11/21.14:53:25 P.20131013
EN work/draw_module 1669064097 FL C:/Users/Santiago/vga_interface/draw_module.vhd \
      PB ieee/std_logic_1164 1381692176
AR work/draw_module/Behavioral 1669064098 \
      FL C:/Users/Santiago/vga_interface/draw_module.vhd EN work/draw_module 1669064097
FL C:/Users/Santiago/vga_interface/update_module.vhd 2022/11/21.12:09:24 P.20131013
EN work/update_module 1669064099 \
      FL C:/Users/Santiago/vga_interface/update_module.vhd PB ieee/std_logic_1164 1381692176 \
      PB ieee/NUMERIC_STD 1381692181
AR work/update_module/Behavioral 1669064100 \
      FL C:/Users/Santiago/vga_interface/update_module.vhd EN work/update_module 1669064099
FL C:/Users/Santiago/vga_interface/vga_controller.vhd 2022/11/21.08:30:25 P.20131013
EN work/vga_controller 1669064101 \
      FL C:/Users/Santiago/vga_interface/vga_controller.vhd \
      PB ieee/std_logic_1164 1381692176
AR work/vga_controller/Behavioral 1669064102 \
      FL C:/Users/Santiago/vga_interface/vga_controller.vhd \
      EN work/vga_controller 1669064101
FL C:/Users/Santiago/vga_interface/vga_interace_top.vhd 2022/11/21.14:54:05 P.20131013
EN work/vga_interace_top 1669064103 \
      FL C:/Users/Santiago/vga_interface/vga_interace_top.vhd \
      PB ieee/std_logic_1164 1381692176 PB ieee/NUMERIC_STD 1381692181
AR work/vga_interace_top/Behavioral 1669064104 \
      FL C:/Users/Santiago/vga_interface/vga_interace_top.vhd \
      EN work/vga_interace_top 1669064103 CP work/draw_module \
      CP work/update_module CP work/vga_controller
